Lorem ipsum dolor sit amet, consectetur adipiscing elit. Duis tristique lorem ac urna dignissim, eget vestibulum justo vehicula. Phasellus facilisis ex in diam pretium, eu eleifend elit varius. Nulla suscipit luctus pellentesque. Nunc luctus lacinia ultrices. Sed facilisis enim ut accumsan blandit. Proin fermentum id mi sagittis mollis. Aliquam egestas urna turpis, commodo congue risus semper consectetur. Sed vel augue porta, bibendum leo eget, sagittis dolor. Duis pharetra erat id libero rutrum, tincidunt vulputate est facilisis. Aenean sed augue ante. Nam a dui rutrum, sollicitudin diam ac, tempor magna.

Vivamus ornare iaculis nunc vel luctus. Nulla bibendum porttitor lorem vel malesuada. Aenean pharetra ante id elit consequat finibus. Curabitur justo erat, blandit a augue in, auctor pulvinar mauris. Maecenas ut leo et augue luctus tristique eu sed nulla. Nam luctus, mi sed convallis pulvinar, risus eros laoreet eros, vel euismod metus justo id nulla. Aenean sed gravida est. Sed rutrum tellus ullamcorper mi volutpat posuere. Ut ultricies ligula vitae nulla ultricies sollicitudin. Ut pellentesque, tortor id eleifend tincidunt, tellus leo laoreet odio, et placerat orci nibh vitae elit.

Suspendisse convallis tortor a mi sagittis, non commodo lectus iaculis. Nullam bibendum, diam quis laoreet ultricies, purus justo tincidunt libero, sed condimentum lectus elit et tortor. Aliquam elementum magna in diam consectetur, ut consequat odio tempus. Phasellus odio erat, feugiat ut laoreet eget, eleifend scelerisque nulla. Quisque sed sem aliquet, suscipit est non, feugiat est. Lorem ipsum dolor sit amet, consectetur adipiscing elit. Aenean vel arcu sit amet dolor lacinia convallis.

Integer imperdiet tempor mollis. In nec nibh vitae nunc lacinia tempus. Etiam vitae nisi at ipsum ullamcorper gravida id id eros. Nam ex nisl, efficitur a hendrerit ac, porttitor sed sem. Curabitur sit amet commodo dolor. Nullam id vehicula augue. In pharetra dignissim ipsum ut ultricies. Praesent ipsum leo, consequat sed diam iaculis, ullamcorper fringilla ex. Nunc in laoreet lacus. Praesent sit amet mattis dui. Donec viverra, diam quis ultrices convallis, urna dui lobortis augue, vel volutpat justo elit blandit dolor. Donec vel auctor augue, quis fermentum turpis. Suspendisse non elit gravida, condimentum justo vitae, malesuada purus. Suspendisse ac consequat lacus. Nunc lobortis erat eu neque laoreet fermentum.

Etiam vitae mollis nulla. Etiam vitae massa sed metus vehicula commodo. Nulla eu ligula sed nisl commodo faucibus ut quis arcu. Nulla convallis tellus quis nunc feugiat ultrices. Sed gravida pretium turpis, et pharetra diam consequat eu. Ut ornare mauris vitae viverra scelerisque. Nulla vitae arcu et tortor vulputate ultrices. Cras consequat luctus sem at interdum. Fusce pharetra ullamcorper imperdiet. Proin sit amet mi turpis. Nulla vitae fringilla lacus. Etiam mollis vel diam eget dictum. Donec aliquam ipsum nibh, nec egestas lacus pretium sed. Nunc dapibus nunc libero, vel dictum augue lobortis vitae. Vivamus ut quam sed massa ultricies feugiat vitae quis velit. Aliquam posuere dignissim dolor, vitae semper eros posuere eu.